=== BUILD (npm run build) === 

> assinajur@1.0.0 build
> prisma generate && prisma db push --accept-data-loss && next build

Environment variables loaded from .env
Prisma schema loaded from prisma\schema.prisma

✔ Generated Prisma Client (v5.22.0) to .\node_modules\@prisma\client in 355ms

Start by importing your Prisma Client (See: https://pris.ly/d/importing-client)

Help us improve the Prisma ORM for everyone. Share your feedback in a short 2-min survey: https://pris.ly/orm/survey/release-5-22

Environment variables loaded from .env
Prisma schema loaded from prisma\schema.prisma
Datasource "db": PostgreSQL database "postgres", schema "public" at "aws-0-us-east-2.pooler.supabase.com:5432"

The database is already in sync with the Prisma schema.

Running generate... (Use --skip-generate to skip the generators)
[2K[1A[2K[GRunning generate... - Prisma Client
[2K[1A[2K[G✔ Generated Prisma Client (v5.22.0) to .\node_modules\@prisma\client in 480ms

  ▲ Next.js 14.2.35
  - Environments: .env.production.local, .env.local, .env

   Creating an optimized production build ...
 ✓ Compiled successfully
   Linting and checking validity of types ...
   Collecting page data ...
   Generating static pages (0/30) ...
   Generating static pages (7/30) 
   Generating static pages (14/30) 
   Generating static pages (22/30) 
 ✓ Generating static pages (30/30)
   Finalizing page optimization ...
   Collecting build traces ...

Route (app)                                  Size     First Load JS
┌ ○ /                                        18.5 kB         115 kB
├ ○ /_not-found                              880 B            89 kB
├ ○ /admin                                   4.15 kB         101 kB
├ ○ /admin/login                             2.56 kB        90.7 kB
├ ƒ /api/admin/login                         0 B                0 B
├ ƒ /api/admin/offices                       0 B                0 B
├ ƒ /api/admin/offices/[id]                  0 B                0 B
├ ƒ /api/auth/login                          0 B                0 B
├ ƒ /api/auth/logout                         0 B                0 B
├ ƒ /api/auth/me                             0 B                0 B
├ ƒ /api/auth/register-office                0 B                0 B
├ ƒ /api/clients                             0 B                0 B
├ ƒ /api/clients/[id]                        0 B                0 B
├ ƒ /api/clients/geographic-summary          0 B                0 B
├ ƒ /api/clients/parse-document              0 B                0 B
├ ƒ /api/documents                           0 B                0 B
├ ƒ /api/documents/[id]                      0 B                0 B
├ ƒ /api/documents/[id]/download             0 B                0 B
├ ƒ /api/documents/bulk                      0 B                0 B
├ ƒ /api/documents/upload                    0 B                0 B
├ ƒ /api/intake                              0 B                0 B
├ ƒ /api/intake/file/[id]                    0 B                0 B
├ ƒ /api/intake/local                        0 B                0 B
├ ƒ /api/integrations/google-drive           0 B                0 B
├ ƒ /api/integrations/google-drive/callback  0 B                0 B
├ ƒ /api/kits                                0 B                0 B
├ ƒ /api/kits/[id]                           0 B                0 B
├ ƒ /api/kits/generate-package               0 B                0 B
├ ƒ /api/kits/preview                        0 B                0 B
├ ƒ /api/lab/documento/validar               0 B                0 B
├ ƒ /api/office                              0 B                0 B
├ ƒ /api/office/letterhead                   0 B                0 B
├ ƒ /api/office/plan                         0 B                0 B
├ ƒ /api/office/team                         0 B                0 B
├ ƒ /api/pendencias                          0 B                0 B
├ ƒ /api/pendencias/[id]                     0 B                0 B
├ ƒ /api/processos                           0 B                0 B
├ ƒ /api/processos/[id]                      0 B                0 B
├ ƒ /api/processos/sync-drive                0 B                0 B
├ ƒ /api/sign/[token]                        0 B                0 B
├ ƒ /api/sign/[token]/confirm-identity       0 B                0 B
├ ƒ /api/sign/[token]/document               0 B                0 B
├ ƒ /api/sign/[token]/event                  0 B                0 B
├ ƒ /api/sign/[token]/submit                 0 B                0 B
├ ƒ /api/sign/documento/validar              0 B                0 B
├ ƒ /api/tags                                0 B                0 B
├ ƒ /api/tags/[id]                           0 B                0 B
├ ƒ /api/templates                           0 B                0 B
├ ƒ /api/templates/[id]                      0 B                0 B
├ ƒ /api/templates/ai-edit                   0 B                0 B
├ ƒ /api/templates/fix-tokens                0 B                0 B
├ ƒ /api/templates/preview                   0 B                0 B
├ ƒ /api/templates/word                      0 B                0 B
├ ƒ /api/verify/[code]                       0 B                0 B
├ ƒ /api/whatsapp/qr                         0 B                0 B
├ ƒ /api/whatsapp/status                     0 B                0 B
├ ƒ /api/whatsapp/webhook                    0 B                0 B
├ ƒ /assinar/[token]                         18.1 kB         106 kB
├ ○ /clientes                                12.6 kB         101 kB
├ ○ /configuracoes                           8.53 kB        96.6 kB
├ ○ /dashboard                               9.46 kB         153 kB
├ ○ /documentos                              10.9 kB         108 kB
├ ○ /documentos/novo                         13.2 kB         101 kB
├ ○ /entrada                                 5.77 kB         103 kB
├ ○ /equipe                                  3.77 kB        91.9 kB
├ ○ /kits                                    7.83 kB         113 kB
├ ○ /kits/enviar                             13.9 kB         110 kB
├ ○ /lab/documento                           14.5 kB         103 kB
├ ○ /login                                   3.23 kB         100 kB
├ ○ /modelos                                 7.79 kB         104 kB
├ ○ /painel-novo                             3.5 kB          147 kB
├ ○ /plano                                   2.99 kB        91.1 kB
├ ○ /privacidade                             180 B            97 kB
├ ○ /processos                               10.8 kB         108 kB
├ ○ /register                                5.04 kB         102 kB
├ ○ /relatorios                              3.46 kB        91.6 kB
├ ○ /termos                                  183 B            97 kB
├ ○ /verificar                               2.83 kB        99.6 kB
├ ƒ /verificar/[code]                        5.52 kB         102 kB
└ ○ /whatsapp                                7.03 kB        95.1 kB
+ First Load JS shared by all                88.1 kB
  ├ chunks/2117-f865963bdea5a4d9.js          31.9 kB
  ├ chunks/fd9d1056-6e97223271e8ad39.js      53.6 kB
  └ other shared chunks (total)              2.55 kB


○  (Static)   prerendered as static content
ƒ  (Dynamic)  server-rendered on demand

BUILD_EXIT=0 
 
=== ADD === 
warning: in the working copy of 'prisma/schema.prisma', LF will be replaced by CRLF the next time Git touches it
warning: in the working copy of 'src/app/(dashboard)/clientes/page.tsx', LF will be replaced by CRLF the next time Git touches it
warning: in the working copy of 'src/app/(dashboard)/configuracoes/page.tsx', LF will be replaced by CRLF the next time Git touches it
warning: in the working copy of 'src/app/(dashboard)/dashboard/page.tsx', LF will be replaced by CRLF the next time Git touches it
warning: in the working copy of 'src/app/(dashboard)/documentos/page.tsx', LF will be replaced by CRLF the next time Git touches it
warning: in the working copy of 'src/app/(dashboard)/kits/enviar/page.tsx', LF will be replaced by CRLF the next time Git touches it
warning: in the working copy of 'src/app/(dashboard)/kits/page.tsx', LF will be replaced by CRLF the next time Git touches it
warning: in the working copy of 'src/app/(dashboard)/modelos/page.tsx', LF will be replaced by CRLF the next time Git touches it
warning: in the working copy of 'src/app/api/clients/[id]/route.ts', LF will be replaced by CRLF the next time Git touches it
warning: in the working copy of 'src/app/api/clients/route.ts', LF will be replaced by CRLF the next time Git touches it
warning: in the working copy of 'src/app/api/documents/[id]/route.ts', LF will be replaced by CRLF the next time Git touches it
warning: in the working copy of 'src/app/api/kits/generate-package/route.ts', LF will be replaced by CRLF the next time Git touches it
warning: in the working copy of 'src/app/api/kits/preview/route.ts', LF will be replaced by CRLF the next time Git touches it
warning: in the working copy of 'src/app/api/office/letterhead/route.ts', LF will be replaced by CRLF the next time Git touches it
warning: in the working copy of 'src/app/api/pendencias/[id]/route.ts', LF will be replaced by CRLF the next time Git touches it
warning: in the working copy of 'src/app/api/pendencias/route.ts', LF will be replaced by CRLF the next time Git touches it
warning: in the working copy of 'src/app/api/sign/[token]/event/route.ts', LF will be replaced by CRLF the next time Git touches it
warning: in the working copy of 'src/app/api/sign/[token]/submit/route.ts', LF will be replaced by CRLF the next time Git touches it
warning: in the working copy of 'src/app/api/sign/documento/validar/route.ts', LF will be replaced by CRLF the next time Git touches it
warning: in the working copy of 'src/app/api/templates/ai-edit/route.ts', LF will be replaced by CRLF the next time Git touches it
warning: in the working copy of 'src/app/assinar/[token]/page.tsx', LF will be replaced by CRLF the next time Git touches it
warning: in the working copy of 'src/app/lab/documento/page.tsx', LF will be replaced by CRLF the next time Git touches it
warning: in the working copy of 'src/components/assinatura/DocumentCapture.tsx', LF will be replaced by CRLF the next time Git touches it
warning: in the working copy of 'src/components/lab/DocumentCapture.tsx', LF will be replaced by CRLF the next time Git touches it
warning: in the working copy of 'src/components/lab/LivenessSelfieLab.tsx', LF will be replaced by CRLF the next time Git touches it
warning: in the working copy of 'src/components/lab/SelfieCaptureLab.tsx', LF will be replaced by CRLF the next time Git touches it
warning: in the working copy of 'src/lib/assinatura/documentQuality.ts', LF will be replaced by CRLF the next time Git touches it
warning: in the working copy of 'src/lib/documentLetterhead.ts', LF will be replaced by CRLF the next time Git touches it
warning: in the working copy of 'src/lib/kitTemplateNormalization.ts', LF will be replaced by CRLF the next time Git touches it
warning: in the working copy of 'src/lib/pdfCertificate.ts', LF will be replaced by CRLF the next time Git touches it
warning: in the working copy of 'src/lib/publicAuditTrail.ts', LF will be replaced by CRLF the next time Git touches it
warning: in the working copy of 'src/lib/templateCompiler.ts', LF will be replaced by CRLF the next time Git touches it
=== COMMIT === 
[main bb80eb0] Remove o copiloto de texto livre da edicao de minuta do kit e adiciona botao Detectar e aplicar dados (IA), que reconhece dados fixos de cliente, representante, assinante a rogo, advogados e cidade/estado colados ou digitados por engano e ja substitui pelos dados corretos desta cliente; edicao no kit continua isolada, sem afetar o modelo original. Tambem adiciona o mesmo botao Detectar e aplicar variaveis (IA) na edicao de minuta de modelo dentro da tela de Kits (aba Modelos), que estava sem esse recurso apesar de ser a mesma edicao de modelo. Corrige o editor de modelo da tela de Kits: a variavel de nascimento nao tinha valor de amostra e ficava aparecendo como codigo solto na previa, e o negrito automatico de nomes na previa podia fazer o texto de amostra ficar gravado fixo ao salvar em vez de voltar a ser variavel; agora usa o mesmo esquema seguro de marcacao ja usado em Modelos, com aviso antes de salvar se sobrar algum dado de amostra fixo. Corrige erro de build (variavel clienteEnderecoText usada antes de ser declarada) em generate-package/route.ts que estava impedindo a publicacao. Faz o texto nascido(a) na qualificacao da cliente usar o genero cadastrado (nascida/nascido) em vez do generico (a), tanto na geracao final quanto na previa e no editor. Aplica o mesmo tratamento de genero em portador(a) e residente e domiciliado(a) da qualificacao da cliente, tambem na geracao final, previa e editor. Corrige bug real encontrado ao revisar: ao abrir Editar Conteudo na revisao de minuta do kit, o editor mostrava o texto cru do modelo com as tags {{...}} literais em vez do texto ja preenchido com os dados da cliente (nomes em negrito, qualificacao substituida etc), porque o sistema pre-carregava o texto cru antes da pessoa abrir o editor. REVERTE essa ultima mudanca: fazer o editor mostrar o texto ja processado (com nomes em negrito e bloco de assinatura recentralizado) causou geracao de PDF quebrada ao editar (paginas em branco, texto sumindo, espacamento errado), porque o servidor tenta normalizar de novo um texto que ja nao tem mais os tokens {{...}} esperados; volta a mostrar o texto cru no editor, que e a forma segura, ja que a substituicao pelos dados reais da cliente acontece no servidor tanto na previa quanto na geracao final. Corrige a selecao de assinante a rogo (nos fluxos de Enviar Kit e Novo Documento): ao marcar o representante legal cadastrado como assinante a rogo, a data de nascimento e o endereco dele nao estavam sendo preenchidos automaticamente mesmo quando ja cadastrados na ficha da cliente - ficou faltando atualizar esses dois fluxos depois que esses campos foram adicionados ao cadastro do representante; agora eles vem preenchidos automaticamente, podendo ser ajustados antes de gerar. Adiciona o botao Refazer na Central de Documentos: um documento ja concluido (ou o pacote inteiro) pode ser reaberto para uma nova tentativa de assinatura, reaproveitando o mesmo link ja enviado e todo o conteudo do documento ja revisado/editado - util quando a prova de presenca (selfie, selo, posicao) saiu ruim e a pessoa precisa refazer so a parte de assinar, sem o escritorio ter que reeditar nada nem gerar link novo. So o administrador do escritorio ve e pode usar esse botao, nunca o cliente. A assinatura anterior nao e apagada silenciosamente: fica registrada na trilha de auditoria do documento como reaberta, preservando a exigencia de rastreabilidade da MP 2.200-2/Lei 14.063.
 2 files changed, 152 insertions(+), 2 deletions(-)
COMMIT_EXIT=0 
=== PULL --rebase === 
error: cannot pull with rebase: You have unstaged changes.
error: Please commit or stash them.
PULL_EXIT=128 
=== PUSH === 
To https://github.com/DiegoTrader1990/AssinaJur.git
   e99ce7c..bb80eb0  main -> main
PUSH_EXIT=0 
 
Pronto. Confira as linhas BUILD_EXIT / COMMIT_EXIT / PUSH_EXIT acima - devem estar todas =0. 
